*** Testing open_basedir configuration [linkinfo] ***
bool(true)
bool(true)
bool(true)
bool(true)
bool(true)
int(16777218)
int(16777218)
int(16777218)
int(16777218)
int(16777218)

Warning: symlink(): open_basedir restriction in effect. File(/Users/didi/PhpstormProjects/c/php-src/tests/security/test/bad/bad.txt) is not within the allowed path(s): (.) in /Users/didi/PhpstormProjects/c/php-src/tests/security/open_basedir_linkinfo.php on line 24
bool(false)
int(16777218)

Warning: unlink(): open_basedir restriction in effect. File(/Users/didi/PhpstormProjects/c/php-src/tests/security/test/ok/symlink.txt) is not within the allowed path(s): (.) in /Users/didi/PhpstormProjects/c/php-src/tests/security/open_basedir_linkinfo.php on line 26
bool(false)
*** Finished testing open_basedir configuration [linkinfo] ***