*** Testing chdir() : basic functionality ***

-- Testing chdir() with absolute path: --
bool(true)
string(113) "/Users/didi/PhpstormProjects/c/php-src/ext/standard/tests/dir/私はガラスを食べられますlevel_one"

-- Testing chdir() with relative paths: --
bool(true)
string(165) "/Users/didi/PhpstormProjects/c/php-src/ext/standard/tests/dir/私はガラスを食べられますlevel_one/私はガラスを食べられますlevel_two"
===DONE===