*** Testing scandir() : usage variations ***
array(4) {
  [0]=>
  string(51) "私はガラスを食べられますfile2.tmp"
  [1]=>
  string(51) "私はガラスを食べられますfile1.tmp"
  [2]=>
  string(2) ".."
  [3]=>
  string(1) "."
}
array(4) {
  [0]=>
  string(51) "私はガラスを食べられますfile2.tmp"
  [1]=>
  string(51) "私はガラスを食べられますfile1.tmp"
  [2]=>
  string(2) ".."
  [3]=>
  string(1) "."
}
array(4) {
  [0]=>
  string(1) "."
  [1]=>
  string(2) ".."
  [2]=>
  string(51) "私はガラスを食べられますfile1.tmp"
  [3]=>
  string(51) "私はガラスを食べられますfile2.tmp"
}
===DONE===